<html>
<body>
<pre>
<h1>µVision Build Log</h1>
<h2>Project:</h2>
C:\Keil\Labware\Lab14_MeasurementOfDistance\Lab14.uvproj
Project File Date:  09/11/2018

<h2>Output:</h2>
Rebuild target 'Lab14'
assembling startup.s...
compiling MeasurementOfDistance.c...
MeasurementOfDistance.c(67): warning:  #186-D: pointless comparison of unsigned integer with zero
        else if (sample < MIN_BOUNDS)   //Test on underflow based on calibration
MeasurementOfDistance.c: 1 warning, 0 errors
compiling Nokia5110.c...
compiling ADC.c...
linking...
Program Size: Code=6968 RO-data=7568 RW-data=124 ZI-data=1764  
".\Lab14.axf" - 0 Error(s), 1 Warning(s).
Load "C:\\Keil\\Labware\\Lab14_MeasurementOfDistance\\Lab14.axf" 
Connecting: Mode=JTAG, Speed=1000000Hz
Erase Done.
Programming Done.
Verify OK.
</pre>
</body>
</html>
